[dotenv@17.2.3] injecting env (2) from .env -- tip: 🗂️ backup and recover secrets: https://dotenvx.com/ops
✅ Bot is online as MNEMOSYNE#5222
📚 Wiki bot is ready to process entries!
(node:7949) DeprecationWarning: The ready event has been renamed to clientReady to distinguish it from the gateway READY event and will only emit under that name in v15. Please use clientReady instead.
(Use `node --trace-deprecation ...` to show where the warning was created)
To https://github.com/Unsungbird/BHS.git
   3f61d60..0caa330  main -> main
✅ Wiki synced to GitHub successfully!
To https://github.com/Unsungbird/BHS.git
   0caa330..aaf3887  main -> main
✅ Wiki synced to GitHub successfully!
To https://github.com/Unsungbird/BHS.git
   aaf3887..4b4cb7e  main -> main
✅ Wiki synced to GitHub successfully!
[dotenv@17.2.3] injecting env (2) from .env -- tip: 🔑 add access controls to secrets: https://dotenvx.com/ops
✅ Bot is online as MNEMOSYNE#5222
📚 Wiki bot is ready to process entries!
(node:1893) DeprecationWarning: The ready event has been renamed to clientReady to distinguish it from the gateway READY event and will only emit under that name in v15. Please use clientReady instead.
(Use `node --trace-deprecation ...` to show where the warning was created)
[dotenv@17.2.3] injecting env (2) from .env -- tip: 👥 sync secrets across teammates & machines: https://dotenvx.com/ops
✅ Bot is online as MNEMOSYNE#5222
📚 Wiki bot is ready to process entries!
(node:2033) DeprecationWarning: The ready event has been renamed to clientReady to distinguish it from the gateway READY event and will only emit under that name in v15. Please use clientReady instead.
(Use `node --trace-deprecation ...` to show where the warning was created)
[dotenv@17.2.3] injecting env (2) from .env -- tip: 🔐 prevent committing .env to code: https://dotenvx.com/precommit
✅ Bot is online as MNEMOSYNE#5222
📚 Wiki bot is ready to process entries!
(node:2063) DeprecationWarning: The ready event has been renamed to clientReady to distinguish it from the gateway READY event and will only emit under that name in v15. Please use clientReady instead.
(Use `node --trace-deprecation ...` to show where the warning was created)
[dotenv@17.2.3] injecting env (2) from .env -- tip: ⚙️  specify custom .env file path with { path: '/custom/path/.env' }
node:internal/process/promises:288
            triggerUncaughtException(err, true /* fromPromise */);
            ^

Error: getaddrinfo EAI_AGAIN discord.com
    at GetAddrInfoReqWrap.onlookup [as oncomplete] (node:dns:107:26) {
  errno: -3001,
  code: 'EAI_AGAIN',
  syscall: 'getaddrinfo',
  hostname: 'discord.com'
}

Node.js v18.19.1
[dotenv@17.2.3] injecting env (2) from .env -- tip: ⚙️  load multiple .env files with { path: ['.env.local', '.env'] }
node:internal/process/promises:288
            triggerUncaughtException(err, true /* fromPromise */);
            ^

Error: getaddrinfo EAI_AGAIN discord.com
    at GetAddrInfoReqWrap.onlookup [as oncomplete] (node:dns:107:26) {
  errno: -3001,
  code: 'EAI_AGAIN',
  syscall: 'getaddrinfo',
  hostname: 'discord.com'
}

Node.js v18.19.1
[dotenv@17.2.3] injecting env (2) from .env -- tip: 🗂️ backup and recover secrets: https://dotenvx.com/ops
node:internal/process/promises:288
            triggerUncaughtException(err, true /* fromPromise */);
            ^

Error: getaddrinfo EAI_AGAIN discord.com
    at GetAddrInfoReqWrap.onlookup [as oncomplete] (node:dns:107:26) {
  errno: -3001,
  code: 'EAI_AGAIN',
  syscall: 'getaddrinfo',
  hostname: 'discord.com'
}

Node.js v18.19.1
[dotenv@17.2.3] injecting env (2) from .env -- tip: 🔐 prevent building .env in docker: https://dotenvx.com/prebuild
node:internal/process/promises:288
            triggerUncaughtException(err, true /* fromPromise */);
            ^

Error: getaddrinfo EAI_AGAIN discord.com
    at GetAddrInfoReqWrap.onlookup [as oncomplete] (node:dns:107:26) {
  errno: -3001,
  code: 'EAI_AGAIN',
  syscall: 'getaddrinfo',
  hostname: 'discord.com'
}

Node.js v18.19.1
[dotenv@17.2.3] injecting env (2) from .env -- tip: 🔐 prevent committing .env to code: https://dotenvx.com/precommit
node:internal/process/promises:288
            triggerUncaughtException(err, true /* fromPromise */);
            ^

Error: getaddrinfo EAI_AGAIN discord.com
    at GetAddrInfoReqWrap.onlookup [as oncomplete] (node:dns:107:26) {
  errno: -3001,
  code: 'EAI_AGAIN',
  syscall: 'getaddrinfo',
  hostname: 'discord.com'
}

Node.js v18.19.1
[dotenv@17.2.3] injecting env (2) from .env -- tip: 🔄 add secrets lifecycle management: https://dotenvx.com/ops
node:internal/process/promises:288
            triggerUncaughtException(err, true /* fromPromise */);
            ^

Error: getaddrinfo EAI_AGAIN discord.com
    at GetAddrInfoReqWrap.onlookup [as oncomplete] (node:dns:107:26) {
  errno: -3001,
  code: 'EAI_AGAIN',
  syscall: 'getaddrinfo',
  hostname: 'discord.com'
}

Node.js v18.19.1
[dotenv@17.2.3] injecting env (2) from .env -- tip: 🗂️ backup and recover secrets: https://dotenvx.com/ops
node:internal/process/promises:288
            triggerUncaughtException(err, true /* fromPromise */);
            ^

Error: getaddrinfo EAI_AGAIN discord.com
    at GetAddrInfoReqWrap.onlookup [as oncomplete] (node:dns:107:26) {
  errno: -3001,
  code: 'EAI_AGAIN',
  syscall: 'getaddrinfo',
  hostname: 'discord.com'
}

Node.js v18.19.1
[dotenv@17.2.3] injecting env (2) from .env -- tip: 🔐 prevent committing .env to code: https://dotenvx.com/precommit
node:internal/process/promises:288
            triggerUncaughtException(err, true /* fromPromise */);
            ^

Error: getaddrinfo EAI_AGAIN discord.com
    at GetAddrInfoReqWrap.onlookup [as oncomplete] (node:dns:107:26) {
  errno: -3001,
  code: 'EAI_AGAIN',
  syscall: 'getaddrinfo',
  hostname: 'discord.com'
}

Node.js v18.19.1
[dotenv@17.2.3] injecting env (2) from .env -- tip: 🔐 prevent building .env in docker: https://dotenvx.com/prebuild
node:internal/process/promises:288
            triggerUncaughtException(err, true /* fromPromise */);
            ^

Error: getaddrinfo EAI_AGAIN discord.com
    at GetAddrInfoReqWrap.onlookup [as oncomplete] (node:dns:107:26) {
  errno: -3001,
  code: 'EAI_AGAIN',
  syscall: 'getaddrinfo',
  hostname: 'discord.com'
}

Node.js v18.19.1
[dotenv@17.2.3] injecting env (2) from .env -- tip: 👥 sync secrets across teammates & machines: https://dotenvx.com/ops
node:internal/process/promises:288
            triggerUncaughtException(err, true /* fromPromise */);
            ^

Error: getaddrinfo EAI_AGAIN discord.com
    at GetAddrInfoReqWrap.onlookup [as oncomplete] (node:dns:107:26) {
  errno: -3001,
  code: 'EAI_AGAIN',
  syscall: 'getaddrinfo',
  hostname: 'discord.com'
}

Node.js v18.19.1
[dotenv@17.2.3] injecting env (2) from .env -- tip: 🔑 add access controls to secrets: https://dotenvx.com/ops
node:internal/process/promises:288
            triggerUncaughtException(err, true /* fromPromise */);
            ^

Error: getaddrinfo EAI_AGAIN discord.com
    at GetAddrInfoReqWrap.onlookup [as oncomplete] (node:dns:107:26) {
  errno: -3001,
  code: 'EAI_AGAIN',
  syscall: 'getaddrinfo',
  hostname: 'discord.com'
}

Node.js v18.19.1
[dotenv@17.2.3] injecting env (2) from .env -- tip: ✅ audit secrets and track compliance: https://dotenvx.com/ops
node:internal/process/promises:288
            triggerUncaughtException(err, true /* fromPromise */);
            ^

Error: getaddrinfo EAI_AGAIN discord.com
    at GetAddrInfoReqWrap.onlookup [as oncomplete] (node:dns:107:26) {
  errno: -3001,
  code: 'EAI_AGAIN',
  syscall: 'getaddrinfo',
  hostname: 'discord.com'
}

Node.js v18.19.1
[dotenv@17.2.3] injecting env (2) from .env -- tip: ✅ audit secrets and track compliance: https://dotenvx.com/ops
node:internal/process/promises:288
            triggerUncaughtException(err, true /* fromPromise */);
            ^

Error: getaddrinfo EAI_AGAIN discord.com
    at GetAddrInfoReqWrap.onlookup [as oncomplete] (node:dns:107:26) {
  errno: -3001,
  code: 'EAI_AGAIN',
  syscall: 'getaddrinfo',
  hostname: 'discord.com'
}

Node.js v18.19.1
[dotenv@17.2.3] injecting env (2) from .env -- tip: 🔐 prevent committing .env to code: https://dotenvx.com/precommit
node:internal/process/promises:288
            triggerUncaughtException(err, true /* fromPromise */);
            ^

Error: getaddrinfo EAI_AGAIN discord.com
    at GetAddrInfoReqWrap.onlookup [as oncomplete] (node:dns:107:26) {
  errno: -3001,
  code: 'EAI_AGAIN',
  syscall: 'getaddrinfo',
  hostname: 'discord.com'
}

Node.js v18.19.1
[dotenv@17.2.3] injecting env (2) from .env -- tip: ⚙️  suppress all logs with { quiet: true }
node:internal/process/promises:288
            triggerUncaughtException(err, true /* fromPromise */);
            ^

Error: getaddrinfo EAI_AGAIN discord.com
    at GetAddrInfoReqWrap.onlookup [as oncomplete] (node:dns:107:26) {
  errno: -3001,
  code: 'EAI_AGAIN',
  syscall: 'getaddrinfo',
  hostname: 'discord.com'
}

Node.js v18.19.1
[dotenv@17.2.3] injecting env (2) from .env -- tip: 🔐 encrypt with Dotenvx: https://dotenvx.com
node:internal/process/promises:288
            triggerUncaughtException(err, true /* fromPromise */);
            ^

Error: getaddrinfo EAI_AGAIN discord.com
    at GetAddrInfoReqWrap.onlookup [as oncomplete] (node:dns:107:26) {
  errno: -3001,
  code: 'EAI_AGAIN',
  syscall: 'getaddrinfo',
  hostname: 'discord.com'
}

Node.js v18.19.1
[dotenv@17.2.3] injecting env (2) from .env -- tip: 🛠️  run anywhere with `dotenvx run -- yourcommand`
node:internal/process/promises:288
            triggerUncaughtException(err, true /* fromPromise */);
            ^

Error: getaddrinfo EAI_AGAIN discord.com
    at GetAddrInfoReqWrap.onlookup [as oncomplete] (node:dns:107:26) {
  errno: -3001,
  code: 'EAI_AGAIN',
  syscall: 'getaddrinfo',
  hostname: 'discord.com'
}

Node.js v18.19.1
[dotenv@17.2.3] injecting env (2) from .env -- tip: 🔐 prevent building .env in docker: https://dotenvx.com/prebuild
node:internal/process/promises:288
            triggerUncaughtException(err, true /* fromPromise */);
            ^

Error: getaddrinfo EAI_AGAIN discord.com
    at GetAddrInfoReqWrap.onlookup [as oncomplete] (node:dns:107:26) {
  errno: -3001,
  code: 'EAI_AGAIN',
  syscall: 'getaddrinfo',
  hostname: 'discord.com'
}

Node.js v18.19.1
[dotenv@17.2.3] injecting env (2) from .env -- tip: ⚙️  suppress all logs with { quiet: true }
node:internal/process/promises:288
            triggerUncaughtException(err, true /* fromPromise */);
            ^

Error: getaddrinfo EAI_AGAIN discord.com
    at GetAddrInfoReqWrap.onlookup [as oncomplete] (node:dns:107:26) {
  errno: -3001,
  code: 'EAI_AGAIN',
  syscall: 'getaddrinfo',
  hostname: 'discord.com'
}

Node.js v18.19.1
[dotenv@17.2.3] injecting env (2) from .env -- tip: ⚙️  enable debug logging with { debug: true }
node:internal/process/promises:288
            triggerUncaughtException(err, true /* fromPromise */);
            ^

Error: getaddrinfo EAI_AGAIN discord.com
    at GetAddrInfoReqWrap.onlookup [as oncomplete] (node:dns:107:26) {
  errno: -3001,
  code: 'EAI_AGAIN',
  syscall: 'getaddrinfo',
  hostname: 'discord.com'
}

Node.js v18.19.1
[dotenv@17.2.3] injecting env (2) from .env -- tip: ⚙️  suppress all logs with { quiet: true }
node:internal/process/promises:288
            triggerUncaughtException(err, true /* fromPromise */);
            ^

Error: getaddrinfo EAI_AGAIN discord.com
    at GetAddrInfoReqWrap.onlookup [as oncomplete] (node:dns:107:26) {
  errno: -3001,
  code: 'EAI_AGAIN',
  syscall: 'getaddrinfo',
  hostname: 'discord.com'
}

Node.js v18.19.1
[dotenv@17.2.3] injecting env (2) from .env -- tip: 🔄 add secrets lifecycle management: https://dotenvx.com/ops
node:internal/process/promises:288
            triggerUncaughtException(err, true /* fromPromise */);
            ^

Error: getaddrinfo EAI_AGAIN discord.com
    at GetAddrInfoReqWrap.onlookup [as oncomplete] (node:dns:107:26) {
  errno: -3001,
  code: 'EAI_AGAIN',
  syscall: 'getaddrinfo',
  hostname: 'discord.com'
}

Node.js v18.19.1
[dotenv@17.2.3] injecting env (2) from .env -- tip: ⚙️  specify custom .env file path with { path: '/custom/path/.env' }
node:internal/process/promises:288
            triggerUncaughtException(err, true /* fromPromise */);
            ^

Error: getaddrinfo EAI_AGAIN discord.com
    at GetAddrInfoReqWrap.onlookup [as oncomplete] (node:dns:107:26) {
  errno: -3001,
  code: 'EAI_AGAIN',
  syscall: 'getaddrinfo',
  hostname: 'discord.com'
}

Node.js v18.19.1
[dotenv@17.2.3] injecting env (2) from .env -- tip: ⚙️  load multiple .env files with { path: ['.env.local', '.env'] }
node:internal/process/promises:288
            triggerUncaughtException(err, true /* fromPromise */);
            ^

Error: getaddrinfo EAI_AGAIN discord.com
    at GetAddrInfoReqWrap.onlookup [as oncomplete] (node:dns:107:26) {
  errno: -3001,
  code: 'EAI_AGAIN',
  syscall: 'getaddrinfo',
  hostname: 'discord.com'
}

Node.js v18.19.1
[dotenv@17.2.3] injecting env (2) from .env -- tip: ⚙️  write to custom object with { processEnv: myObject }
node:internal/process/promises:288
            triggerUncaughtException(err, true /* fromPromise */);
            ^

Error: getaddrinfo EAI_AGAIN discord.com
    at GetAddrInfoReqWrap.onlookup [as oncomplete] (node:dns:107:26) {
  errno: -3001,
  code: 'EAI_AGAIN',
  syscall: 'getaddrinfo',
  hostname: 'discord.com'
}

Node.js v18.19.1
[dotenv@17.2.3] injecting env (2) from .env -- tip: 🔄 add secrets lifecycle management: https://dotenvx.com/ops
node:internal/process/promises:288
            triggerUncaughtException(err, true /* fromPromise */);
            ^

Error: getaddrinfo EAI_AGAIN discord.com
    at GetAddrInfoReqWrap.onlookup [as oncomplete] (node:dns:107:26) {
  errno: -3001,
  code: 'EAI_AGAIN',
  syscall: 'getaddrinfo',
  hostname: 'discord.com'
}

Node.js v18.19.1
[dotenv@17.2.3] injecting env (2) from .env -- tip: ✅ audit secrets and track compliance: https://dotenvx.com/ops
node:internal/process/promises:288
            triggerUncaughtException(err, true /* fromPromise */);
            ^

Error: getaddrinfo EAI_AGAIN discord.com
    at GetAddrInfoReqWrap.onlookup [as oncomplete] (node:dns:107:26) {
  errno: -3001,
  code: 'EAI_AGAIN',
  syscall: 'getaddrinfo',
  hostname: 'discord.com'
}

Node.js v18.19.1
[dotenv@17.2.3] injecting env (2) from .env -- tip: ⚙️  write to custom object with { processEnv: myObject }
node:internal/process/promises:288
            triggerUncaughtException(err, true /* fromPromise */);
            ^

Error: getaddrinfo EAI_AGAIN discord.com
    at GetAddrInfoReqWrap.onlookup [as oncomplete] (node:dns:107:26) {
  errno: -3001,
  code: 'EAI_AGAIN',
  syscall: 'getaddrinfo',
  hostname: 'discord.com'
}

Node.js v18.19.1
[dotenv@17.2.3] injecting env (2) from .env -- tip: 👥 sync secrets across teammates & machines: https://dotenvx.com/ops
node:internal/process/promises:288
            triggerUncaughtException(err, true /* fromPromise */);
            ^

Error: getaddrinfo EAI_AGAIN discord.com
    at GetAddrInfoReqWrap.onlookup [as oncomplete] (node:dns:107:26) {
  errno: -3001,
  code: 'EAI_AGAIN',
  syscall: 'getaddrinfo',
  hostname: 'discord.com'
}

Node.js v18.19.1
[dotenv@17.2.3] injecting env (2) from .env -- tip: 🔄 add secrets lifecycle management: https://dotenvx.com/ops
node:internal/process/promises:288
            triggerUncaughtException(err, true /* fromPromise */);
            ^

Error: getaddrinfo EAI_AGAIN discord.com
    at GetAddrInfoReqWrap.onlookup [as oncomplete] (node:dns:107:26) {
  errno: -3001,
  code: 'EAI_AGAIN',
  syscall: 'getaddrinfo',
  hostname: 'discord.com'
}

Node.js v18.19.1
[dotenv@17.2.3] injecting env (2) from .env -- tip: 🔑 add access controls to secrets: https://dotenvx.com/ops
node:internal/process/promises:288
            triggerUncaughtException(err, true /* fromPromise */);
            ^

Error: getaddrinfo EAI_AGAIN discord.com
    at GetAddrInfoReqWrap.onlookup [as oncomplete] (node:dns:107:26) {
  errno: -3001,
  code: 'EAI_AGAIN',
  syscall: 'getaddrinfo',
  hostname: 'discord.com'
}

Node.js v18.19.1
[dotenv@17.2.3] injecting env (2) from .env -- tip: 📡 add observability to secrets: https://dotenvx.com/ops
node:internal/process/promises:288
            triggerUncaughtException(err, true /* fromPromise */);
            ^

Error: getaddrinfo EAI_AGAIN discord.com
    at GetAddrInfoReqWrap.onlookup [as oncomplete] (node:dns:107:26) {
  errno: -3001,
  code: 'EAI_AGAIN',
  syscall: 'getaddrinfo',
  hostname: 'discord.com'
}

Node.js v18.19.1
[dotenv@17.2.3] injecting env (2) from .env -- tip: 👥 sync secrets across teammates & machines: https://dotenvx.com/ops
node:internal/process/promises:288
            triggerUncaughtException(err, true /* fromPromise */);
            ^

Error: getaddrinfo EAI_AGAIN discord.com
    at GetAddrInfoReqWrap.onlookup [as oncomplete] (node:dns:107:26) {
  errno: -3001,
  code: 'EAI_AGAIN',
  syscall: 'getaddrinfo',
  hostname: 'discord.com'
}

Node.js v18.19.1
[dotenv@17.2.3] injecting env (2) from .env -- tip: ⚙️  suppress all logs with { quiet: true }
node:internal/process/promises:288
            triggerUncaughtException(err, true /* fromPromise */);
            ^

Error: getaddrinfo EAI_AGAIN discord.com
    at GetAddrInfoReqWrap.onlookup [as oncomplete] (node:dns:107:26) {
  errno: -3001,
  code: 'EAI_AGAIN',
  syscall: 'getaddrinfo',
  hostname: 'discord.com'
}

Node.js v18.19.1
[dotenv@17.2.3] injecting env (2) from .env -- tip: 🔑 add access controls to secrets: https://dotenvx.com/ops
node:internal/process/promises:288
            triggerUncaughtException(err, true /* fromPromise */);
            ^

Error: getaddrinfo EAI_AGAIN discord.com
    at GetAddrInfoReqWrap.onlookup [as oncomplete] (node:dns:107:26) {
  errno: -3001,
  code: 'EAI_AGAIN',
  syscall: 'getaddrinfo',
  hostname: 'discord.com'
}

Node.js v18.19.1
[dotenv@17.2.3] injecting env (2) from .env -- tip: ⚙️  write to custom object with { processEnv: myObject }
node:internal/process/promises:288
            triggerUncaughtException(err, true /* fromPromise */);
            ^

Error: getaddrinfo EAI_AGAIN discord.com
    at GetAddrInfoReqWrap.onlookup [as oncomplete] (node:dns:107:26) {
  errno: -3001,
  code: 'EAI_AGAIN',
  syscall: 'getaddrinfo',
  hostname: 'discord.com'
}

Node.js v18.19.1
[dotenv@17.2.3] injecting env (2) from .env -- tip: ⚙️  override existing env vars with { override: true }
node:internal/process/promises:288
            triggerUncaughtException(err, true /* fromPromise */);
            ^

Error: getaddrinfo EAI_AGAIN discord.com
    at GetAddrInfoReqWrap.onlookup [as oncomplete] (node:dns:107:26) {
  errno: -3001,
  code: 'EAI_AGAIN',
  syscall: 'getaddrinfo',
  hostname: 'discord.com'
}

Node.js v18.19.1
[dotenv@17.2.3] injecting env (2) from .env -- tip: 📡 add observability to secrets: https://dotenvx.com/ops
node:internal/process/promises:288
            triggerUncaughtException(err, true /* fromPromise */);
            ^

Error: getaddrinfo EAI_AGAIN discord.com
    at GetAddrInfoReqWrap.onlookup [as oncomplete] (node:dns:107:26) {
  errno: -3001,
  code: 'EAI_AGAIN',
  syscall: 'getaddrinfo',
  hostname: 'discord.com'
}

Node.js v18.19.1
[dotenv@17.2.3] injecting env (2) from .env -- tip: ⚙️  enable debug logging with { debug: true }
node:internal/process/promises:288
            triggerUncaughtException(err, true /* fromPromise */);
            ^

Error: getaddrinfo EAI_AGAIN discord.com
    at GetAddrInfoReqWrap.onlookup [as oncomplete] (node:dns:107:26) {
  errno: -3001,
  code: 'EAI_AGAIN',
  syscall: 'getaddrinfo',
  hostname: 'discord.com'
}

Node.js v18.19.1
[dotenv@17.2.3] injecting env (2) from .env -- tip: ⚙️  enable debug logging with { debug: true }
node:internal/process/promises:288
            triggerUncaughtException(err, true /* fromPromise */);
            ^

Error: getaddrinfo EAI_AGAIN discord.com
    at GetAddrInfoReqWrap.onlookup [as oncomplete] (node:dns:107:26) {
  errno: -3001,
  code: 'EAI_AGAIN',
  syscall: 'getaddrinfo',
  hostname: 'discord.com'
}

Node.js v18.19.1
[dotenv@17.2.3] injecting env (2) from .env -- tip: ⚙️  write to custom object with { processEnv: myObject }
node:internal/process/promises:288
            triggerUncaughtException(err, true /* fromPromise */);
            ^

Error: getaddrinfo EAI_AGAIN discord.com
    at GetAddrInfoReqWrap.onlookup [as oncomplete] (node:dns:107:26) {
  errno: -3001,
  code: 'EAI_AGAIN',
  syscall: 'getaddrinfo',
  hostname: 'discord.com'
}

Node.js v18.19.1
[dotenv@17.2.3] injecting env (2) from .env -- tip: 🗂️ backup and recover secrets: https://dotenvx.com/ops
node:internal/process/promises:288
            triggerUncaughtException(err, true /* fromPromise */);
            ^

Error: getaddrinfo EAI_AGAIN discord.com
    at GetAddrInfoReqWrap.onlookup [as oncomplete] (node:dns:107:26) {
  errno: -3001,
  code: 'EAI_AGAIN',
  syscall: 'getaddrinfo',
  hostname: 'discord.com'
}

Node.js v18.19.1
[dotenv@17.2.3] injecting env (2) from .env -- tip: ⚙️  load multiple .env files with { path: ['.env.local', '.env'] }
node:internal/process/promises:288
            triggerUncaughtException(err, true /* fromPromise */);
            ^

Error: getaddrinfo EAI_AGAIN discord.com
    at GetAddrInfoReqWrap.onlookup [as oncomplete] (node:dns:107:26) {
  errno: -3001,
  code: 'EAI_AGAIN',
  syscall: 'getaddrinfo',
  hostname: 'discord.com'
}

Node.js v18.19.1
[dotenv@17.2.3] injecting env (2) from .env -- tip: ⚙️  override existing env vars with { override: true }
node:internal/process/promises:288
            triggerUncaughtException(err, true /* fromPromise */);
            ^

Error: getaddrinfo EAI_AGAIN discord.com
    at GetAddrInfoReqWrap.onlookup [as oncomplete] (node:dns:107:26) {
  errno: -3001,
  code: 'EAI_AGAIN',
  syscall: 'getaddrinfo',
  hostname: 'discord.com'
}

Node.js v18.19.1
[dotenv@17.2.3] injecting env (2) from .env -- tip: ⚙️  specify custom .env file path with { path: '/custom/path/.env' }
node:internal/process/promises:288
            triggerUncaughtException(err, true /* fromPromise */);
            ^

Error: getaddrinfo EAI_AGAIN discord.com
    at GetAddrInfoReqWrap.onlookup [as oncomplete] (node:dns:107:26) {
  errno: -3001,
  code: 'EAI_AGAIN',
  syscall: 'getaddrinfo',
  hostname: 'discord.com'
}

Node.js v18.19.1
[dotenv@17.2.3] injecting env (2) from .env -- tip: 🛠️  run anywhere with `dotenvx run -- yourcommand`
node:internal/process/promises:288
            triggerUncaughtException(err, true /* fromPromise */);
            ^

Error: getaddrinfo EAI_AGAIN discord.com
    at GetAddrInfoReqWrap.onlookup [as oncomplete] (node:dns:107:26) {
  errno: -3001,
  code: 'EAI_AGAIN',
  syscall: 'getaddrinfo',
  hostname: 'discord.com'
}

Node.js v18.19.1
[dotenv@17.2.3] injecting env (2) from .env -- tip: 🔐 encrypt with Dotenvx: https://dotenvx.com
node:internal/process/promises:288
            triggerUncaughtException(err, true /* fromPromise */);
            ^

Error: getaddrinfo EAI_AGAIN discord.com
    at GetAddrInfoReqWrap.onlookup [as oncomplete] (node:dns:107:26) {
  errno: -3001,
  code: 'EAI_AGAIN',
  syscall: 'getaddrinfo',
  hostname: 'discord.com'
}

Node.js v18.19.1
[dotenv@17.2.3] injecting env (2) from .env -- tip: 👥 sync secrets across teammates & machines: https://dotenvx.com/ops
node:internal/process/promises:288
            triggerUncaughtException(err, true /* fromPromise */);
            ^

Error: getaddrinfo EAI_AGAIN discord.com
    at GetAddrInfoReqWrap.onlookup [as oncomplete] (node:dns:107:26) {
  errno: -3001,
  code: 'EAI_AGAIN',
  syscall: 'getaddrinfo',
  hostname: 'discord.com'
}

Node.js v18.19.1
[dotenv@17.2.3] injecting env (2) from .env -- tip: 🔐 encrypt with Dotenvx: https://dotenvx.com
node:internal/process/promises:288
            triggerUncaughtException(err, true /* fromPromise */);
            ^

Error: getaddrinfo EAI_AGAIN discord.com
    at GetAddrInfoReqWrap.onlookup [as oncomplete] (node:dns:107:26) {
  errno: -3001,
  code: 'EAI_AGAIN',
  syscall: 'getaddrinfo',
  hostname: 'discord.com'
}

Node.js v18.19.1
[dotenv@17.2.3] injecting env (2) from .env -- tip: 🔐 prevent building .env in docker: https://dotenvx.com/prebuild
node:internal/process/promises:288
            triggerUncaughtException(err, true /* fromPromise */);
            ^

Error: getaddrinfo EAI_AGAIN discord.com
    at GetAddrInfoReqWrap.onlookup [as oncomplete] (node:dns:107:26) {
  errno: -3001,
  code: 'EAI_AGAIN',
  syscall: 'getaddrinfo',
  hostname: 'discord.com'
}

Node.js v18.19.1
[dotenv@17.2.3] injecting env (2) from .env -- tip: ✅ audit secrets and track compliance: https://dotenvx.com/ops
node:internal/process/promises:288
            triggerUncaughtException(err, true /* fromPromise */);
            ^

Error: getaddrinfo EAI_AGAIN discord.com
    at GetAddrInfoReqWrap.onlookup [as oncomplete] (node:dns:107:26) {
  errno: -3001,
  code: 'EAI_AGAIN',
  syscall: 'getaddrinfo',
  hostname: 'discord.com'
}

Node.js v18.19.1
[dotenv@17.2.3] injecting env (2) from .env -- tip: ✅ audit secrets and track compliance: https://dotenvx.com/ops
node:internal/process/promises:288
            triggerUncaughtException(err, true /* fromPromise */);
            ^

Error: getaddrinfo EAI_AGAIN discord.com
    at GetAddrInfoReqWrap.onlookup [as oncomplete] (node:dns:107:26) {
  errno: -3001,
  code: 'EAI_AGAIN',
  syscall: 'getaddrinfo',
  hostname: 'discord.com'
}

Node.js v18.19.1
[dotenv@17.2.3] injecting env (2) from .env -- tip: 🔐 prevent building .env in docker: https://dotenvx.com/prebuild
node:internal/process/promises:288
            triggerUncaughtException(err, true /* fromPromise */);
            ^

Error: getaddrinfo EAI_AGAIN discord.com
    at GetAddrInfoReqWrap.onlookup [as oncomplete] (node:dns:107:26) {
  errno: -3001,
  code: 'EAI_AGAIN',
  syscall: 'getaddrinfo',
  hostname: 'discord.com'
}

Node.js v18.19.1
[dotenv@17.2.3] injecting env (2) from .env -- tip: ⚙️  specify custom .env file path with { path: '/custom/path/.env' }
node:internal/process/promises:288
            triggerUncaughtException(err, true /* fromPromise */);
            ^

Error: getaddrinfo EAI_AGAIN discord.com
    at GetAddrInfoReqWrap.onlookup [as oncomplete] (node:dns:107:26) {
  errno: -3001,
  code: 'EAI_AGAIN',
  syscall: 'getaddrinfo',
  hostname: 'discord.com'
}

Node.js v18.19.1
[dotenv@17.2.3] injecting env (2) from .env -- tip: 🔐 encrypt with Dotenvx: https://dotenvx.com
node:internal/process/promises:288
            triggerUncaughtException(err, true /* fromPromise */);
            ^

Error: getaddrinfo EAI_AGAIN discord.com
    at GetAddrInfoReqWrap.onlookup [as oncomplete] (node:dns:107:26) {
  errno: -3001,
  code: 'EAI_AGAIN',
  syscall: 'getaddrinfo',
  hostname: 'discord.com'
}

Node.js v18.19.1
[dotenv@17.2.3] injecting env (2) from .env -- tip: 🛠️  run anywhere with `dotenvx run -- yourcommand`
node:internal/process/promises:288
            triggerUncaughtException(err, true /* fromPromise */);
            ^

Error: getaddrinfo EAI_AGAIN discord.com
    at GetAddrInfoReqWrap.onlookup [as oncomplete] (node:dns:107:26) {
  errno: -3001,
  code: 'EAI_AGAIN',
  syscall: 'getaddrinfo',
  hostname: 'discord.com'
}

Node.js v18.19.1
[dotenv@17.2.3] injecting env (2) from .env -- tip: ⚙️  load multiple .env files with { path: ['.env.local', '.env'] }
node:internal/process/promises:288
            triggerUncaughtException(err, true /* fromPromise */);
            ^

Error: getaddrinfo EAI_AGAIN discord.com
    at GetAddrInfoReqWrap.onlookup [as oncomplete] (node:dns:107:26) {
  errno: -3001,
  code: 'EAI_AGAIN',
  syscall: 'getaddrinfo',
  hostname: 'discord.com'
}

Node.js v18.19.1
[dotenv@17.2.3] injecting env (2) from .env -- tip: ✅ audit secrets and track compliance: https://dotenvx.com/ops
node:internal/process/promises:288
            triggerUncaughtException(err, true /* fromPromise */);
            ^

Error: getaddrinfo EAI_AGAIN discord.com
    at GetAddrInfoReqWrap.onlookup [as oncomplete] (node:dns:107:26) {
  errno: -3001,
  code: 'EAI_AGAIN',
  syscall: 'getaddrinfo',
  hostname: 'discord.com'
}

Node.js v18.19.1
[dotenv@17.2.3] injecting env (2) from .env -- tip: 🗂️ backup and recover secrets: https://dotenvx.com/ops
node:internal/process/promises:288
            triggerUncaughtException(err, true /* fromPromise */);
            ^

Error: getaddrinfo EAI_AGAIN discord.com
    at GetAddrInfoReqWrap.onlookup [as oncomplete] (node:dns:107:26) {
  errno: -3001,
  code: 'EAI_AGAIN',
  syscall: 'getaddrinfo',
  hostname: 'discord.com'
}

Node.js v18.19.1
[dotenv@17.2.3] injecting env (2) from .env -- tip: ✅ audit secrets and track compliance: https://dotenvx.com/ops
node:internal/process/promises:288
            triggerUncaughtException(err, true /* fromPromise */);
            ^

Error: getaddrinfo EAI_AGAIN discord.com
    at GetAddrInfoReqWrap.onlookup [as oncomplete] (node:dns:107:26) {
  errno: -3001,
  code: 'EAI_AGAIN',
  syscall: 'getaddrinfo',
  hostname: 'discord.com'
}

Node.js v18.19.1
[dotenv@17.2.3] injecting env (2) from .env -- tip: 🛠️  run anywhere with `dotenvx run -- yourcommand`
node:internal/process/promises:288
            triggerUncaughtException(err, true /* fromPromise */);
            ^

Error: getaddrinfo EAI_AGAIN discord.com
    at GetAddrInfoReqWrap.onlookup [as oncomplete] (node:dns:107:26) {
  errno: -3001,
  code: 'EAI_AGAIN',
  syscall: 'getaddrinfo',
  hostname: 'discord.com'
}

Node.js v18.19.1
[dotenv@17.2.3] injecting env (2) from .env -- tip: 🔄 add secrets lifecycle management: https://dotenvx.com/ops
node:internal/process/promises:288
            triggerUncaughtException(err, true /* fromPromise */);
            ^

Error: getaddrinfo EAI_AGAIN discord.com
    at GetAddrInfoReqWrap.onlookup [as oncomplete] (node:dns:107:26) {
  errno: -3001,
  code: 'EAI_AGAIN',
  syscall: 'getaddrinfo',
  hostname: 'discord.com'
}

Node.js v18.19.1
[dotenv@17.2.3] injecting env (2) from .env -- tip: 🗂️ backup and recover secrets: https://dotenvx.com/ops
node:internal/process/promises:288
            triggerUncaughtException(err, true /* fromPromise */);
            ^

Error: getaddrinfo EAI_AGAIN discord.com
    at GetAddrInfoReqWrap.onlookup [as oncomplete] (node:dns:107:26) {
  errno: -3001,
  code: 'EAI_AGAIN',
  syscall: 'getaddrinfo',
  hostname: 'discord.com'
}

Node.js v18.19.1
[dotenv@17.2.3] injecting env (2) from .env -- tip: ⚙️  load multiple .env files with { path: ['.env.local', '.env'] }
node:internal/process/promises:288
            triggerUncaughtException(err, true /* fromPromise */);
            ^

Error: getaddrinfo EAI_AGAIN discord.com
    at GetAddrInfoReqWrap.onlookup [as oncomplete] (node:dns:107:26) {
  errno: -3001,
  code: 'EAI_AGAIN',
  syscall: 'getaddrinfo',
  hostname: 'discord.com'
}

Node.js v18.19.1
[dotenv@17.2.3] injecting env (2) from .env -- tip: ✅ audit secrets and track compliance: https://dotenvx.com/ops
node:internal/process/promises:288
            triggerUncaughtException(err, true /* fromPromise */);
            ^

Error: getaddrinfo EAI_AGAIN discord.com
    at GetAddrInfoReqWrap.onlookup [as oncomplete] (node:dns:107:26) {
  errno: -3001,
  code: 'EAI_AGAIN',
  syscall: 'getaddrinfo',
  hostname: 'discord.com'
}

Node.js v18.19.1
[dotenv@17.2.3] injecting env (2) from .env -- tip: ⚙️  load multiple .env files with { path: ['.env.local', '.env'] }
node:internal/process/promises:288
            triggerUncaughtException(err, true /* fromPromise */);
            ^

Error: getaddrinfo EAI_AGAIN discord.com
    at GetAddrInfoReqWrap.onlookup [as oncomplete] (node:dns:107:26) {
  errno: -3001,
  code: 'EAI_AGAIN',
  syscall: 'getaddrinfo',
  hostname: 'discord.com'
}

Node.js v18.19.1
[dotenv@17.2.3] injecting env (2) from .env -- tip: 🛠️  run anywhere with `dotenvx run -- yourcommand`
node:internal/process/promises:288
            triggerUncaughtException(err, true /* fromPromise */);
            ^

Error: getaddrinfo EAI_AGAIN discord.com
    at GetAddrInfoReqWrap.onlookup [as oncomplete] (node:dns:107:26) {
  errno: -3001,
  code: 'EAI_AGAIN',
  syscall: 'getaddrinfo',
  hostname: 'discord.com'
}

Node.js v18.19.1
[dotenv@17.2.3] injecting env (2) from .env -- tip: ⚙️  load multiple .env files with { path: ['.env.local', '.env'] }
node:internal/process/promises:288
            triggerUncaughtException(err, true /* fromPromise */);
            ^

Error: getaddrinfo EAI_AGAIN discord.com
    at GetAddrInfoReqWrap.onlookup [as oncomplete] (node:dns:107:26) {
  errno: -3001,
  code: 'EAI_AGAIN',
  syscall: 'getaddrinfo',
  hostname: 'discord.com'
}

Node.js v18.19.1
[dotenv@17.2.3] injecting env (2) from .env -- tip: 🔑 add access controls to secrets: https://dotenvx.com/ops
node:internal/process/promises:288
            triggerUncaughtException(err, true /* fromPromise */);
            ^

Error: getaddrinfo EAI_AGAIN discord.com
    at GetAddrInfoReqWrap.onlookup [as oncomplete] (node:dns:107:26) {
  errno: -3001,
  code: 'EAI_AGAIN',
  syscall: 'getaddrinfo',
  hostname: 'discord.com'
}

Node.js v18.19.1
[dotenv@17.2.3] injecting env (2) from .env -- tip: 🔐 prevent building .env in docker: https://dotenvx.com/prebuild
node:internal/process/promises:288
            triggerUncaughtException(err, true /* fromPromise */);
            ^

Error: getaddrinfo EAI_AGAIN discord.com
    at GetAddrInfoReqWrap.onlookup [as oncomplete] (node:dns:107:26) {
  errno: -3001,
  code: 'EAI_AGAIN',
  syscall: 'getaddrinfo',
  hostname: 'discord.com'
}

Node.js v18.19.1
[dotenv@17.2.3] injecting env (2) from .env -- tip: ⚙️  specify custom .env file path with { path: '/custom/path/.env' }
node:internal/process/promises:288
            triggerUncaughtException(err, true /* fromPromise */);
            ^

Error: getaddrinfo EAI_AGAIN discord.com
    at GetAddrInfoReqWrap.onlookup [as oncomplete] (node:dns:107:26) {
  errno: -3001,
  code: 'EAI_AGAIN',
  syscall: 'getaddrinfo',
  hostname: 'discord.com'
}

Node.js v18.19.1
[dotenv@17.2.3] injecting env (2) from .env -- tip: 🔑 add access controls to secrets: https://dotenvx.com/ops
node:internal/process/promises:288
            triggerUncaughtException(err, true /* fromPromise */);
            ^

Error: getaddrinfo EAI_AGAIN discord.com
    at GetAddrInfoReqWrap.onlookup [as oncomplete] (node:dns:107:26) {
  errno: -3001,
  code: 'EAI_AGAIN',
  syscall: 'getaddrinfo',
  hostname: 'discord.com'
}

Node.js v18.19.1
[dotenv@17.2.3] injecting env (2) from .env -- tip: ⚙️  override existing env vars with { override: true }
node:internal/process/promises:288
            triggerUncaughtException(err, true /* fromPromise */);
            ^

Error: getaddrinfo EAI_AGAIN discord.com
    at GetAddrInfoReqWrap.onlookup [as oncomplete] (node:dns:107:26) {
  errno: -3001,
  code: 'EAI_AGAIN',
  syscall: 'getaddrinfo',
  hostname: 'discord.com'
}

Node.js v18.19.1
[dotenv@17.2.3] injecting env (2) from .env -- tip: ⚙️  enable debug logging with { debug: true }
node:internal/process/promises:288
            triggerUncaughtException(err, true /* fromPromise */);
            ^

Error: getaddrinfo EAI_AGAIN discord.com
    at GetAddrInfoReqWrap.onlookup [as oncomplete] (node:dns:107:26) {
  errno: -3001,
  code: 'EAI_AGAIN',
  syscall: 'getaddrinfo',
  hostname: 'discord.com'
}

Node.js v18.19.1
[dotenv@17.2.3] injecting env (2) from .env -- tip: 🔐 prevent committing .env to code: https://dotenvx.com/precommit
node:internal/process/promises:288
            triggerUncaughtException(err, true /* fromPromise */);
            ^

Error: getaddrinfo EAI_AGAIN discord.com
    at GetAddrInfoReqWrap.onlookup [as oncomplete] (node:dns:107:26) {
  errno: -3001,
  code: 'EAI_AGAIN',
  syscall: 'getaddrinfo',
  hostname: 'discord.com'
}

Node.js v18.19.1
[dotenv@17.2.3] injecting env (2) from .env -- tip: 🛠️  run anywhere with `dotenvx run -- yourcommand`
node:internal/process/promises:288
            triggerUncaughtException(err, true /* fromPromise */);
            ^

Error: getaddrinfo EAI_AGAIN discord.com
    at GetAddrInfoReqWrap.onlookup [as oncomplete] (node:dns:107:26) {
  errno: -3001,
  code: 'EAI_AGAIN',
  syscall: 'getaddrinfo',
  hostname: 'discord.com'
}

Node.js v18.19.1
[dotenv@17.2.3] injecting env (2) from .env -- tip: ⚙️  enable debug logging with { debug: true }
node:internal/process/promises:288
            triggerUncaughtException(err, true /* fromPromise */);
            ^

Error: getaddrinfo EAI_AGAIN discord.com
    at GetAddrInfoReqWrap.onlookup [as oncomplete] (node:dns:107:26) {
  errno: -3001,
  code: 'EAI_AGAIN',
  syscall: 'getaddrinfo',
  hostname: 'discord.com'
}

Node.js v18.19.1
[dotenv@17.2.3] injecting env (2) from .env -- tip: ✅ audit secrets and track compliance: https://dotenvx.com/ops
node:internal/process/promises:288
            triggerUncaughtException(err, true /* fromPromise */);
            ^

Error: getaddrinfo EAI_AGAIN discord.com
    at GetAddrInfoReqWrap.onlookup [as oncomplete] (node:dns:107:26) {
  errno: -3001,
  code: 'EAI_AGAIN',
  syscall: 'getaddrinfo',
  hostname: 'discord.com'
}

Node.js v18.19.1
[dotenv@17.2.3] injecting env (2) from .env -- tip: 🔄 add secrets lifecycle management: https://dotenvx.com/ops
node:internal/process/promises:288
            triggerUncaughtException(err, true /* fromPromise */);
            ^

Error: getaddrinfo EAI_AGAIN discord.com
    at GetAddrInfoReqWrap.onlookup [as oncomplete] (node:dns:107:26) {
  errno: -3001,
  code: 'EAI_AGAIN',
  syscall: 'getaddrinfo',
  hostname: 'discord.com'
}

Node.js v18.19.1
[dotenv@17.2.3] injecting env (2) from .env -- tip: ⚙️  load multiple .env files with { path: ['.env.local', '.env'] }
node:internal/process/promises:288
            triggerUncaughtException(err, true /* fromPromise */);
            ^

Error: getaddrinfo EAI_AGAIN discord.com
    at GetAddrInfoReqWrap.onlookup [as oncomplete] (node:dns:107:26) {
  errno: -3001,
  code: 'EAI_AGAIN',
  syscall: 'getaddrinfo',
  hostname: 'discord.com'
}

Node.js v18.19.1
[dotenv@17.2.3] injecting env (2) from .env -- tip: 🗂️ backup and recover secrets: https://dotenvx.com/ops
node:internal/process/promises:288
            triggerUncaughtException(err, true /* fromPromise */);
            ^

Error: getaddrinfo EAI_AGAIN discord.com
    at GetAddrInfoReqWrap.onlookup [as oncomplete] (node:dns:107:26) {
  errno: -3001,
  code: 'EAI_AGAIN',
  syscall: 'getaddrinfo',
  hostname: 'discord.com'
}

Node.js v18.19.1
[dotenv@17.2.3] injecting env (2) from .env -- tip: ⚙️  enable debug logging with { debug: true }
node:internal/process/promises:288
            triggerUncaughtException(err, true /* fromPromise */);
            ^

Error: getaddrinfo EAI_AGAIN discord.com
    at GetAddrInfoReqWrap.onlookup [as oncomplete] (node:dns:107:26) {
  errno: -3001,
  code: 'EAI_AGAIN',
  syscall: 'getaddrinfo',
  hostname: 'discord.com'
}

Node.js v18.19.1
